[INFO] Scanning for projects...
[INFO] 
[INFO] ---------------------< com.cinema:cinema-backend >----------------------
[INFO] Building cinema-backend 1.0.0
[INFO]   from pom.xml
[INFO] --------------------------------[ jar ]---------------------------------
[INFO] 
[INFO] --- clean:3.3.2:clean (default-clean) @ cinema-backend ---
[INFO] Deleting D:\ThucHanh\cinema\backend\target
[INFO] 
[INFO] --- resources:3.3.1:resources (default-resources) @ cinema-backend ---
[INFO] Copying 1 resource from src\main\resources to target\classes
[INFO] Copying 1 resource from src\main\resources to target\classes
[INFO] 
[INFO] --- compiler:3.11.0:compile (default-compile) @ cinema-backend ---
[INFO] Changes detected - recompiling the module! :source
[INFO] Compiling 170 source files with javac [debug release 17] to target\classes
[INFO] ------------------------------------------------------------------------
[INFO] BUILD SUCCESS
[INFO] ------------------------------------------------------------------------
[INFO] Total time:  10.525 s
[INFO] Finished at: 2026-02-03T14:07:41+07:00
[INFO] ------------------------------------------------------------------------
